// Jest Snapshot v1, https://goo.gl/fbAQLP

exports[`Snapshots 1`] = `
[
  {
    "className": "Drawing",
    "probability": 0.6877415776252747,
  },
  {
    "className": "Neutral",
    "probability": 0.31009718775749207,
  },
  {
    "className": "Hentai",
    "probability": 0.00210934947244823,
  },
  {
    "className": "Porn",
    "probability": 0.00003717914660228416,
  },
  {
    "className": "Sexy",
    "probability": 0.000014760436897631735,
  },
]
`;
